../Core/Src/main.c:78:6:__io_putchar	16	static
../Core/Src/main.c:87:5:main	8	static
../Core/Src/main.c:144:6:SystemClock_Config	88	static
../Core/Src/main.c:185:13:MX_SPI2_Init	8	static
../Core/Src/main.c:225:13:MX_TIM1_Init	120	static
../Core/Src/main.c:311:13:MX_TIM2_Init	48	static
../Core/Src/main.c:360:13:MX_TIM3_Init	40	static
../Core/Src/main.c:405:13:MX_TIM5_Init	40	static
../Core/Src/main.c:450:13:MX_UART5_Init	8	static
../Core/Src/main.c:498:13:MX_USART1_UART_Init	8	static
../Core/Src/main.c:546:13:MX_USART3_UART_Init	8	static
../Core/Src/main.c:592:13:MX_DMA_Init	16	static
../Core/Src/main.c:611:13:MX_GPIO_Init	48	static
../Core/Src/main.c:714:6:HAL_TIM_PeriodElapsedCallback	16	static
../Core/Src/main.c:731:6:Error_Handler	4	static,ignoring_inline_asm
